// Jest Snapshot v1, https://goo.gl/fbAQLP

exports[`<FilterRow /> render() renders the component 1`] = `
<StyledComponent
  forwardedComponent={
    Object {
      "$$typeof": Symbol(react.forward_ref),
      "attrs": Array [],
      "componentStyle": ComponentStyle {
        "componentId": "sc-bwzfXH",
        "isStatic": true,
        "rules": Array [
          "
    border-bottom: 1px solid black;
  ",
        ],
      },
      "displayName": "Styled(Row)",
      "foldedComponentIds": Array [],
      "render": [Function],
      "styledComponentId": "sc-bwzfXH",
      "target": [Function],
      "toString": [Function],
      "warnTooManyClasses": [Function],
      "withComponent": [Function],
    }
  }
  forwardedRef={null}
>
  <Styled(Col)
    md={
      Object {
        "offset": 3,
        "order": 2,
        "size": 3,
      }
    }
  >
    <Connect(Suggester)
      description="Select a municipality"
      name="municipality"
    />
  </Styled(Col)>
</StyledComponent>
`;
